2026-02-15T08:29:33.609Z [console][error] A tree hydrated but some attributes of the server rendered HTML didn't match the client properties. This won't be patched up. This can happen if a SSR-ed Client Component used:

- A server/client branch `if (typeof window !== 'undefined')`.
- Variable input such as `Date.now()` or `Math.random()` which changes each time it's called.
- Date formatting in a user's locale which doesn't match the server.
- External changing data without sending a snapshot of it along with the HTML.
- Invalid HTML tag nesting.

It can also happen if the client has a browser extension installed which messes with the HTML before React loaded.

%s%s https://react.dev/link/hydration-mismatch 

  ...
    <HTTPAccessFallbackBoundary notFound={<SegmentViewNode>} forbidden={undefined} unauthorized={undefined}>
      <HTTPAccessFallbackErrorBoundary pathname="/" notFound={<SegmentViewNode>} forbidden={undefined} ...>
        <RedirectBoundary>
          <RedirectErrorBoundary router={{...}}>
            <InnerLayoutRouter url="/" tree={[...]} cacheNode={{lazyData:null, ...}} segmentPath={[...]}>
              <SegmentViewNode type="page" pagePath="/user/app/...">
                <SegmentTrieNode>
                <ClientPageRoot Component={function Home} searchParams={{}} params={{}}>
                  <Home params={Promise} searchParams={Promise}>
                    <div data-orchids-id="src/app/pa..." data-orchids-name="div" className="min-h-scre...">
                      <nav>
                      <section>
                      <section>
                      <section>
                      <section>
                      <section data-orchids-id="src/app/pa..." data-orchids-name="section" id="contact" ...>
                        <div data-orchids-id="src/app/pa..." data-orchids-name="div" className="mx-auto ma...">
                          <div>
                          <div data-orchids-id="src/app/pa..." data-orchids-name="div" className="grid gap-1...">
                            <d...
